OPTIMIZING Mesh_0 1946099 -> 3500
DONE {'id': '6b94df44e6badb941a5e754d984893a6_5461320835613783329', 'name': 'Mesh_0', 'before': 1946099, 'after': 3499, 'vertices': 4138, 'seconds': 29.98, 'skinned': False}
OPTIMIZING Mesh_0 1934223 -> 4500
DONE {'id': '9829c69654933644ea590131e886e1a7_5461320835613783329', 'name': 'Mesh_0', 'before': 1934223, 'after': 4500, 'vertices': 4875, 'seconds': 29.85, 'skinned': False}
OPTIMIZING Mesh_0 1938282 -> 6000
DONE {'id': '9e47c59f22c162a4ebdaaa664740bc5e_5461320835613783329', 'name': 'Mesh_0', 'before': 1938282, 'after': 21160, 'vertices': 31309, 'seconds': 32.75, 'skinned': False}
OPTIMIZING Mesh_0 1957102 -> 14000
DONE {'id': '7b95b94ce0c69ea40a23aad6da7de041_5461320835613783329', 'name': 'Mesh_0', 'before': 1957102, 'after': 14000, 'vertices': 13312, 'seconds': 28.49, 'skinned': False}
OPTIMIZING Mesh_0 1947354 -> 26000
DONE {'id': '9db93a1df4ff3164d9dd9d99e444587e_5461320835613783329', 'name': 'Mesh_0', 'before': 1947354, 'after': 26000, 'vertices': 22444, 'seconds': 28.95, 'skinned': False}
OPTIMIZING Mesh_0 1946007 -> 26000
DONE {'id': 'e54399a8625de1644a353e7a9fedebf9_5461320835613783329', 'name': 'Mesh_0', 'before': 1946007, 'after': 26000, 'vertices': 23033, 'seconds': 29.2, 'skinned': False}
OPTIMIZING Mesh_0 1954900 -> 26000
DONE {'id': '3d430f1641f44c84984bdfd5b105443a_5461320835613783329', 'name': 'Mesh_0', 'before': 1954900, 'after': 26000, 'vertices': 25536, 'seconds': 28.52, 'skinned': False}
OPTIMIZING Mesh_0 1951912 -> 2500
DONE {'id': '7d9c1a7b3d40ece4480367086687ef1b_5461320835613783329', 'name': 'Mesh_0', 'before': 1951912, 'after': 2500, 'vertices': 3569, 'seconds': 28.19, 'skinned': False}
OPTIMIZING Mesh_0 1943029 -> 18000
DONE {'id': 'aecb5165267c63b47994c2c251840bc7_5461320835613783329', 'name': 'Mesh_0', 'before': 1943029, 'after': 18000, 'vertices': 17886, 'seconds': 27.38, 'skinned': False}
OPTIMIZING Mesh_0 1945836 -> 26000
DONE {'id': 'ca936eb73c5f7e9478023a6ca75182d0_5461320835613783329', 'name': 'Mesh_0', 'before': 1945836, 'after': 26000, 'vertices': 23370, 'seconds': 29.95, 'skinned': False}
OPTIMIZING Mesh_0 1948112 -> 18000
DONE {'id': 'ab5d789ce3e8f9149ad96d26d4c358d3_5461320835613783329', 'name': 'Mesh_0', 'before': 1948112, 'after': 18000, 'vertices': 16215, 'seconds': 35.73, 'skinned': False}
OPTIMIZING char1 99343 -> 14000
DONE {'id': 'f1e820aa2ee58644e98745bacf691df4_-6734620852318575487', 'name': 'char1', 'before': 99343, 'after': 14000, 'vertices': 16402, 'seconds': 3.18, 'skinned': True}
ALL_OPTIMIZED 12
Blender 5.2.1 LTS (hash 9e2066aef7ef built 2026-08-25 02:38:20)

Blender quit
